#-----------------------------------------------------------
# Vivado v2020.2 (64-bit)
# SW Build 3064766 on Wed Nov 18 09:12:45 MST 2020
# IP Build 3064653 on Wed Nov 18 14:17:31 MST 2020
# Start of session at: Thu Jul 29 12:18:32 2021
# Process ID: 6004
# Current directory: D:/Uni/RL/sha256d_zedboard
# Command line: vivado.exe -gui_launcher_event rodinguilauncherevent9556 D:\Uni\RL\sha256d_zedboard\sha256d_final.xpr
# Log file: D:/Uni/RL/sha256d_zedboard/vivado.log
# Journal file: D:/Uni/RL/sha256d_zedboard\vivado.jou
#-----------------------------------------------------------
start_gui
open_project D:/Uni/RL/sha256d_zedboard/sha256d_final.xpr
update_compile_order -fileset sources_1
launch_simulation
set_property used_in_simulation true [get_files  D:/Uni/RL/sha256d_zedboard/sha256d_final.srcs/sources_1/new/sha256.vhd]
launch_simulation
source sha256_sim.tcl
run 2040 ns
run 2040 ns
run 2040 ns
run 2040 ns
restart
run 2040 ns
restart
run 2040 ns
relaunch_sim
relaunch_sim
add_bp {D:/Uni/RL/sha256d_zedboard/sha256d_final.srcs/sources_1/new/sha256.vhd} 149
add_bp {D:/Uni/RL/sha256d_zedboard/sha256d_final.srcs/sources_1/new/sha256.vhd} 153
restart
run all
add_bp {D:/Uni/RL/sha256d_zedboard/sha256d_final.srcs/sources_1/new/sha256.vhd} 143
remove_bps -file {D:/Uni/RL/sha256d_zedboard/sha256d_final.srcs/sources_1/new/sha256.vhd} -line 153
remove_bps -file {D:/Uni/RL/sha256d_zedboard/sha256d_final.srcs/sources_1/new/sha256.vhd} -line 149
run all
add_bp {D:/Uni/RL/sha256d_zedboard/sha256d_final.srcs/sources_1/new/sha256.vhd} 136
remove_bps -file {D:/Uni/RL/sha256d_zedboard/sha256d_final.srcs/sources_1/new/sha256.vhd} -line 143
run all
run all
run all
run all
remove_bps -file {D:/Uni/RL/sha256d_zedboard/sha256d_final.srcs/sources_1/new/sha256.vhd} -line 136
add_bp {D:/Uni/RL/sha256d_zedboard/sha256d_final.srcs/sources_1/new/sha256.vhd} 191
run all
run all
run all
run all
run all
run all
run all
run all
run all
run all
run all
run all
run all
run all
run all
run all
run all
run all
run all
run all
run all
run all
run all
run all
run all
run all
run all
add_bp {D:/Uni/RL/sha256d_zedboard/sha256d_final.srcs/sources_1/new/words_shifter.vhd} 54
relaunch_sim
relaunch_sim
add_bp {D:/Uni/RL/sha256d_zedboard/sha256d_final.srcs/sources_1/new/words_shifter.vhd} 54
relaunch_sim
add_bp {D:/Uni/RL/sha256d_zedboard/sha256d_final.srcs/sources_1/new/words_shifter.vhd} 56
relaunch_sim
relaunch_sim
