/multi_sha256d_axi_ip_intr_v1_0_S00_AXI_inst/multi_sha256d_inst/SHA256D_INST_GEN[2].sha256_inst/sha1/sha256__GB0:3532763064
/multi_sha256d_axi_ip_intr_v1_0_S00_AXI_inst/multi_sha256d_inst/SHA256D_INST_GEN[0].sha256_inst/sha1/sha256__GB1:2778111790
/multi_sha256d_axi_ip_intr_v1_0_S00_AXI_inst/multi_sha256d_inst/SHA256D_INST_GEN[1].sha256_inst/sha2/sha256__parameterized0__GB2:3769997576
/multi_sha256d_axi_ip_intr_v1_0_S00_AXI_inst/multi_sha256d_inst/SHA256D_INST_GEN[2].sha256_inst/sha256d__GC0:3363444208
/multi_sha256d_axi_ip_intr_v1_0_S00_AXI_inst/multi_sha256d_inst/SHA256D_INST_GEN[0].sha256_inst/sha2/sha256__parameterized0__GB1:2042415282
/multi_sha256d_axi_ip_intr_v1_0_S00_AXI_inst/multi_sha256d_inst/SHA256D_INST_GEN[2].sha256_inst/sha2/sha256__parameterized0__GB0:247199780
/multi_sha256d_axi_ip_intr_v1_0_S00_AXI_inst/multi_sha256d_inst/SHA256D_INST_GEN[2].sha256_inst/sha2/sha256__parameterized0__GB2:3769997576
/multi_sha256d_axi_ip_intr_v1_0_S00_AXI_inst/multi_sha256d_inst/SHA256D_INST_GEN[1].sha256_inst/sha256d__GC0:3363444208
/multi_sha256d_axi_ip_intr_v1_0_S00_AXI_inst/multi_sha256d_inst/SHA256D_INST_GEN[1].sha256_inst/sha2/sha256__parameterized0__GB0:247199780
/multi_sha256d_axi_ip_intr_v1_0_S00_AXI_inst/multi_sha256d_inst/SHA256D_INST_GEN[2].sha256_inst/sha1/sha256__GB1:2778111790
/multi_sha256d_axi_ip_intr_v1_0_S00_AXI_inst/multi_sha256d_inst/SHA256D_INST_GEN[3].sha256_inst/sha2/sha256__parameterized0__GB2:3769997576
/multi_sha256d_axi_ip_intr_v1_0_S00_AXI_inst/multi_sha256d_inst/SHA256D_INST_GEN[1].sha256_inst/sha1/sha256__GB1:2778111790
/multi_sha256d_axi_ip_intr_v1_0_S00_AXI_inst/multi_sha256d_inst/SHA256D_INST_GEN[2].sha256_inst/sha2/sha256__parameterized0__GB1:2042415282
/multi_sha256d_axi_ip_intr_v1_0_S00_AXI_inst/multi_sha256d_inst/SHA256D_INST_GEN[0].sha256_inst/sha1/sha256__GB0:3532763064
/multi_sha256d_axi_ip_intr_v1_0_S00_AXI_inst/multi_sha256d_inst/SHA256D_INST_GEN[0].sha256_inst/sha256d__GC0:3363444208
/multi_sha256d_axi_ip_intr_v1_0_S00_AXI_inst/multi_sha256d_inst/SHA256D_INST_GEN[3].sha256_inst/sha2/sha256__parameterized0__GB1:2042415282
/multi_sha256d_axi_ip_intr_v1_0_S00_AXI_inst/multi_sha256d_inst/multi_sha256d__GC0:1325156923
/multi_sha256d_axi_ip_intr_v1_0_S00_AXI_inst/multi_sha256d_inst/SHA256D_INST_GEN[1].sha256_inst/sha2/sha256__parameterized0__GB1:2042415282
/multi_sha256d_axi_ip_intr_v1_0_S00_AXI_inst/multi_sha256d_axi_ip_intr_v1_0_S00_AXI__GC0:3927458337
/multi_sha256d_axi_ip_intr_v1_0_S00_AXI_inst/multi_sha256d_inst/SHA256D_INST_GEN[0].sha256_inst/sha2/sha256__parameterized0__GB2:3769997576
/multi_sha256d_axi_ip_intr_v1_0_S00_AXI_inst/multi_sha256d_inst/SHA256D_INST_GEN[3].sha256_inst/sha256d__GC0:3363444208
/multi_sha256d_axi_ip_intr_v1_0_S00_AXI_inst/multi_sha256d_inst/SHA256D_INST_GEN[3].sha256_inst/sha2/sha256__parameterized0__GB0:247199780
/multi_sha256d_axi_ip_intr_v1_0_S_AXI_INTR_inst:1556352566
/multi_sha256d_axi_ip_intr_v1_0_S00_AXI_inst/multi_sha256d_inst/SHA256D_INST_GEN[3].sha256_inst/sha1/sha256__GB0:3532763064
/multi_sha256d_axi_ip_intr_v1_0_S00_AXI_inst/multi_sha256d_inst/SHA256D_INST_GEN[0].sha256_inst/sha2/sha256__parameterized0__GB0:247199780
/multi_sha256d_axi_ip_intr_v1_0_S00_AXI_inst/multi_sha256d_inst/SHA256D_INST_GEN[3].sha256_inst/sha1/sha256__GB1:2778111790
/multi_sha256d_axi_ip_intr_v1_0_S00_AXI_inst/multi_sha256d_inst/SHA256D_INST_GEN[1].sha256_inst/sha1/sha256__GB0:3532763064
