Nothing to build in platform 'design_1_wrapper'

10:47:11 **** Incremental Build of configuration Debug for project sha256d_final ****
make all 
make --no-print-directory pre-build
a9-linaro-pre-build-step
' '
make --no-print-directory main-build
'Building file: ../src/helloworld.c'
'Invoking: ARM v7 gcc compiler'
arm-none-eabi-gcc -Wall -O0 -g3 -c -fmessage-length=0 -MT"src/helloworld.o" -mcpu=cortex-a9 -mfpu=vfpv3 -mfloat-abi=hard -ID:/Uni/RL/sha256d_zedboard/vitis_workspace/design_1_wrapper/export/design_1_wrapper/sw/design_1_wrapper/standalone_domain/bspinclude/include -MMD -MP -MF"src/helloworld.d" -MT"src/helloworld.o" -o "src/helloworld.o" "../src/helloworld.c"
'Finished building: ../src/helloworld.c'
' '
'Building target: sha256d_final.elf'
'Invoking: ARM v7 gcc linker'
arm-none-eabi-gcc -mcpu=cortex-a9 -mfpu=vfpv3 -mfloat-abi=hard -Wl,-build-id=none -specs=Xilinx.spec -Wl,-T -Wl,../src/lscript.ld -LD:/Uni/RL/sha256d_zedboard/vitis_workspace/design_1_wrapper/export/design_1_wrapper/sw/design_1_wrapper/standalone_domain/bsplib/lib -o "sha256d_final.elf"  ./src/helloworld.o ./src/platform.o   -Wl,--start-group,-lxil,-lgcc,-lc,--end-group
'Finished building target: sha256d_final.elf'
' '
'Invoking: ARM v7 Print Size'
arm-none-eabi-size sha256d_final.elf  |tee "sha256d_final.elf.size"
   text	   data	    bss	    dec	    hex	filename
  54092	   3324	  22672	  80088	  138d8	sha256d_final.elf
'Finished building: sha256d_final.elf.size'
' '
10:47:13 **** Incremental Build of configuration Debug for project sha256d_final_system ****
make all 
Generating bif file for the system project
generate_system_bif.bat 64411 D:/Uni/RL/sha256d_zedboard/vitis_workspace/design_1_wrapper/export/design_1_wrapper/design_1_wrapper.xpfm standalone_domain D:/Uni/RL/sha256d_zedboard/vitis_workspace/sha256d_final_system/Debug/system.bif
sdcard_gen --xpfm D:/Uni/RL/sha256d_zedboard/vitis_workspace/design_1_wrapper/export/design_1_wrapper/design_1_wrapper.xpfm --sys_config design_1_wrapper --bif D:/Uni/RL/sha256d_zedboard/vitis_workspace/sha256d_final_system/Debug/system.bif --bitstream D:/Uni/RL/sha256d_zedboard/vitis_workspace/sha256d_final/_ide/bitstream/design_1_wrapper.bit --elf D:/Uni/RL/sha256d_zedboard/vitis_workspace/sha256d_final/Debug/sha256d_final.elf,ps7_cortexa9_0
creating BOOT.BIN using D:/Uni/RL/sha256d_zedboard/vitis_workspace/sha256d_final/_ide/bitstream/design_1_wrapper.bit
Running D:/Xilinx/Vitis/2020.2/bin/bootgen  -image D:/Uni/RL/sha256d_zedboard/vitis_workspace/sha256d_final_system/Debug/sd_card_temp/boot.bif -w -o i BOOT.BIN
