05:07:31 **** Incremental Build of configuration Debug for project sha256d_final ****
make all 
make --no-print-directory pre-build
a9-linaro-pre-build-step
' '
make --no-print-directory main-build
'Building file: ../src/helloworld.c'
'Invoking: ARM v7 gcc compiler'
arm-none-eabi-gcc -Wall -O0 -g3 -c -fmessage-length=0 -MT"src/helloworld.o" -mcpu=cortex-a9 -mfpu=vfpv3 -mfloat-abi=hard -ID:/Uni/RL/sha256d_zedboard/vitis_workspace/design_1_wrapper/export/design_1_wrapper/sw/design_1_wrapper/standalone_ps7_cortexa9_0/bspinclude/include -MMD -MP -MF"src/helloworld.d" -MT"src/helloworld.o" -o "src/helloworld.o" "../src/helloworld.c"
../src/helloworld.c: In function 'meetsTarget':
../src/helloworld.c:75:1: warning: control reaches end of non-void function [-Wreturn-type]
   75 | }
      | ^
'Finished building: ../src/helloworld.c'
' '
'Building target: sha256d_final.elf'
'Invoking: ARM v7 gcc linker'
arm-none-eabi-gcc -mcpu=cortex-a9 -mfpu=vfpv3 -mfloat-abi=hard -Wl,-build-id=none -specs=Xilinx.spec -Wl,-T -Wl,../src/lscript.ld -LD:/Uni/RL/sha256d_zedboard/vitis_workspace/design_1_wrapper/export/design_1_wrapper/sw/design_1_wrapper/standalone_ps7_cortexa9_0/bsplib/lib -o "sha256d_final.elf"  ./src/helloworld.o ./src/platform.o   -Wl,--start-group,-lxil,-lgcc,-lc,--end-group
'Finished building target: sha256d_final.elf'
' '
'Invoking: ARM v7 Print Size'
arm-none-eabi-size sha256d_final.elf  |tee "sha256d_final.elf.size"
   text	   data	    bss	    dec	    hex	filename
  61008	   2548	  22640	  86196	  150b4	sha256d_final.elf
'Finished building: sha256d_final.elf.size'
' '

05:07:33 Build Finished (took 1s.971ms)

