Copyright 1986-2020 Xilinx, Inc. All Rights Reserved.
------------------------------------------------------------------------------------------------------------------------------------------
| Tool Version : Vivado v.2020.2 (win64) Build 3064766 Wed Nov 18 09:12:45 MST 2020
| Date         : Tue Aug 24 15:24:09 2021
| Host         : LAPTOP-S28JR86F running 64-bit major release  (build 9200)
| Command      : report_drc -file design_1_wrapper_drc_routed.rpt -pb design_1_wrapper_drc_routed.pb -rpx design_1_wrapper_drc_routed.rpx
| Design       : design_1_wrapper
| Device       : xc7z020clg484-1
| Speed File   : -1
| Design State : Fully Routed
------------------------------------------------------------------------------------------------------------------------------------------

Report DRC

Table of Contents
-----------------
1. REPORT SUMMARY
2. REPORT DETAILS

1. REPORT SUMMARY
-----------------
            Netlist: netlist
          Floorplan: design_1
      Design limits: <entire design considered>
           Ruledeck: default
             Max violations: <unlimited>
             Violations found: 7
+----------+----------+---------------------+------------+
| Rule     | Severity | Description         | Violations |
+----------+----------+---------------------+------------+
| PDRC-153 | Warning  | Gated clock check   | 6          |
| PDRC-157 | Warning  | Slice clock routing | 1          |
+----------+----------+---------------------+------------+

2. REPORT DETAILS
-----------------
PDRC-153#1 Warning
Gated clock check  
Net design_1_i/multi_sha256d_axi_ip_0/U0/multi_sha256d_axi_ip_intr_v1_0_S00_AXI_inst/multi_sha256d_inst/SHA256D_INST_GEN[4].sha256_inst/sha2/message_block_counter/done is a gated clock net sourced by a combinational pin design_1_i/multi_sha256d_axi_ip_0/U0/multi_sha256d_axi_ip_intr_v1_0_S00_AXI_inst/multi_sha256d_inst/SHA256D_INST_GEN[4].sha256_inst/sha2/message_block_counter/nonce_reg[4][31]_i_2/O, cell design_1_i/multi_sha256d_axi_ip_0/U0/multi_sha256d_axi_ip_intr_v1_0_S00_AXI_inst/multi_sha256d_inst/SHA256D_INST_GEN[4].sha256_inst/sha2/message_block_counter/nonce_reg[4][31]_i_2. This is not good design practice and will likely impact performance. For SLICE registers, for example, use the CE pin to control the loading of data.
Related violations: <none>

PDRC-153#2 Warning
Gated clock check  
Net design_1_i/multi_sha256d_axi_ip_0/U0/multi_sha256d_axi_ip_intr_v1_0_S00_AXI_inst/multi_sha256d_inst/SHA256D_INST_GEN[5].sha256_inst/sha2/message_block_counter/done is a gated clock net sourced by a combinational pin design_1_i/multi_sha256d_axi_ip_0/U0/multi_sha256d_axi_ip_intr_v1_0_S00_AXI_inst/multi_sha256d_inst/SHA256D_INST_GEN[5].sha256_inst/sha2/message_block_counter/nonce_reg[5][31]_i_2/O, cell design_1_i/multi_sha256d_axi_ip_0/U0/multi_sha256d_axi_ip_intr_v1_0_S00_AXI_inst/multi_sha256d_inst/SHA256D_INST_GEN[5].sha256_inst/sha2/message_block_counter/nonce_reg[5][31]_i_2. This is not good design practice and will likely impact performance. For SLICE registers, for example, use the CE pin to control the loading of data.
Related violations: <none>

PDRC-153#3 Warning
Gated clock check  
Net design_1_i/multi_sha256d_axi_ip_0/U0/multi_sha256d_axi_ip_intr_v1_0_S00_AXI_inst/multi_sha256d_inst/SHA256D_INST_GEN[6].sha256_inst/sha2/message_block_counter/done is a gated clock net sourced by a combinational pin design_1_i/multi_sha256d_axi_ip_0/U0/multi_sha256d_axi_ip_intr_v1_0_S00_AXI_inst/multi_sha256d_inst/SHA256D_INST_GEN[6].sha256_inst/sha2/message_block_counter/nonce_reg[6][31]_i_2/O, cell design_1_i/multi_sha256d_axi_ip_0/U0/multi_sha256d_axi_ip_intr_v1_0_S00_AXI_inst/multi_sha256d_inst/SHA256D_INST_GEN[6].sha256_inst/sha2/message_block_counter/nonce_reg[6][31]_i_2. This is not good design practice and will likely impact performance. For SLICE registers, for example, use the CE pin to control the loading of data.
Related violations: <none>

PDRC-153#4 Warning
Gated clock check  
Net design_1_i/multi_sha256d_axi_ip_0/U0/multi_sha256d_axi_ip_intr_v1_0_S00_AXI_inst/multi_sha256d_inst/SHA256D_INST_GEN[7].sha256_inst/sha2/message_block_counter/FSM_onehot_currentstate_reg[4]_0 is a gated clock net sourced by a combinational pin design_1_i/multi_sha256d_axi_ip_0/U0/multi_sha256d_axi_ip_intr_v1_0_S00_AXI_inst/multi_sha256d_inst/SHA256D_INST_GEN[7].sha256_inst/sha2/message_block_counter/nonce_reg[7][31]_i_2/O, cell design_1_i/multi_sha256d_axi_ip_0/U0/multi_sha256d_axi_ip_intr_v1_0_S00_AXI_inst/multi_sha256d_inst/SHA256D_INST_GEN[7].sha256_inst/sha2/message_block_counter/nonce_reg[7][31]_i_2. This is not good design practice and will likely impact performance. For SLICE registers, for example, use the CE pin to control the loading of data.
Related violations: <none>

PDRC-153#5 Warning
Gated clock check  
Net design_1_i/multi_sha256d_axi_ip_0/U0/multi_sha256d_axi_ip_intr_v1_0_S00_AXI_inst/multi_sha256d_inst/SHA256D_INST_GEN[8].sha256_inst/sha2/message_block_counter/FSM_onehot_currentstate_reg[4] is a gated clock net sourced by a combinational pin design_1_i/multi_sha256d_axi_ip_0/U0/multi_sha256d_axi_ip_intr_v1_0_S00_AXI_inst/multi_sha256d_inst/SHA256D_INST_GEN[8].sha256_inst/sha2/message_block_counter/nonce_reg[8][31]_i_2/O, cell design_1_i/multi_sha256d_axi_ip_0/U0/multi_sha256d_axi_ip_intr_v1_0_S00_AXI_inst/multi_sha256d_inst/SHA256D_INST_GEN[8].sha256_inst/sha2/message_block_counter/nonce_reg[8][31]_i_2. This is not good design practice and will likely impact performance. For SLICE registers, for example, use the CE pin to control the loading of data.
Related violations: <none>

PDRC-153#6 Warning
Gated clock check  
Net design_1_i/multi_sha256d_axi_ip_0/U0/multi_sha256d_axi_ip_intr_v1_0_S00_AXI_inst/multi_sha256d_inst/SHA256D_INST_GEN[9].sha256_inst/sha2/message_block_counter/done is a gated clock net sourced by a combinational pin design_1_i/multi_sha256d_axi_ip_0/U0/multi_sha256d_axi_ip_intr_v1_0_S00_AXI_inst/multi_sha256d_inst/SHA256D_INST_GEN[9].sha256_inst/sha2/message_block_counter/nonce_reg[9][31]_i_2/O, cell design_1_i/multi_sha256d_axi_ip_0/U0/multi_sha256d_axi_ip_intr_v1_0_S00_AXI_inst/multi_sha256d_inst/SHA256D_INST_GEN[9].sha256_inst/sha2/message_block_counter/nonce_reg[9][31]_i_2. This is not good design practice and will likely impact performance. For SLICE registers, for example, use the CE pin to control the loading of data.
Related violations: <none>

PDRC-157#1 Warning
Slice clock routing  
For SLICE_X63Y68: more than 2 non-clock pins of the SLICE are driven by different global clocks. This condition should be corrected as it easily becomes congested and will fail to route.
Related violations: <none>


