case__93: multi_sha256d__GC0, 
counter__19: sha256__parameterized0__GB1, 
reg__79: multi_sha256d_axi_ip_intr_v1_0_S_AXI_INTR, 
reg__50: multi_sha256d_axi_ip_intr_v1_0_S00_AXI__GC0, 
reg__5: sha256__GB1, 
datapath__14: sha256__parameterized0__GB1, 
case__38: sha256__parameterized0__GB1, 
case__115: multi_sha256d_axi_ip_intr_v1_0_S00_AXI__GC0, 
case__57: sha256__parameterized0__GB1, 
case__59: sha256__parameterized0__GB1, 
logic__208: multi_sha256d_axi_ip_intr_v1_0_S00_AXI__GC0, 
case__95: multi_sha256d__GC0, 
reg__56: multi_sha256d_axi_ip_intr_v1_0_S00_AXI__GC0, 
logic__82: sha256d__GC0, 
datapath__12: sha256__parameterized0__GB1, 
muxpart__17: multi_sha256d_axi_ip_intr_v1_0_S_AXI_INTR, 
case__41: sha256__parameterized0__GB1, 
datapath__15: sha256__parameterized0__GB1, 
case__18: sha256__GB1, 
datapath__17: sha256__parameterized0__GB1, 
reg__76: multi_sha256d_axi_ip_intr_v1_0_S_AXI_INTR, 
case__51: sha256__parameterized0__GB1, 
case__136: multi_sha256d_axi_ip_intr_v1_0_S_AXI_INTR, 
logic__231: multi_sha256d_axi_ip_intr_v1_0_S_AXI_INTR, 
case__108: multi_sha256d_axi_ip_intr_v1_0_S00_AXI__GC0, 
logic__139: multi_sha256d_axi_ip_intr_v1_0_S00_AXI__GC0, 
logic__10: sha256__GB1, 
reg__77: multi_sha256d_axi_ip_intr_v1_0_S_AXI_INTR, 
logic__34: sha256__GB0, 
datapath__5: sha256__GB0, 
counter__16: sha256__parameterized0__GB1, 
logic__70: sha256__parameterized0__GB1, 
logic__115: multi_sha256d__GC0, 
reg__67: multi_sha256d_axi_ip_intr_v1_0_S00_AXI__GC0, 
reg__80: multi_sha256d_axi_ip_intr_v1_0_S_AXI_INTR, 
logic__50: sha256__parameterized0__GB1, 
reg__94: multi_sha256d_axi_ip_intr_v1_0_S_AXI_INTR, 
reg__63: multi_sha256d_axi_ip_intr_v1_0_S00_AXI__GC0, 
case__34: sha256__parameterized0__GB1, 
case__9: sha256__GB0, 
reg__53: multi_sha256d_axi_ip_intr_v1_0_S00_AXI__GC0, 
logic__7: sha256__GB1, 
reg__12: sha256__GB1, 
logic__83: sha256d__GC0, 
case__19: sha256__GB1, 
case__110: multi_sha256d_axi_ip_intr_v1_0_S00_AXI__GC0, 
logic__69: sha256__parameterized0__GB1, 
case__24: sha256__GB1, 
case__106: multi_sha256d_axi_ip_intr_v1_0_S00_AXI__GC0, 
case__120: multi_sha256d_axi_ip_intr_v1_0_S00_AXI__GC0, 
case__43: sha256__parameterized0__GB1, 
logic__217: multi_sha256d_axi_ip_intr_v1_0_S_AXI_INTR, 
datapath__21: sha256__parameterized0__GB1, 
reg__15: sha256__parameterized0__GB1, 
reg__90: multi_sha256d_axi_ip_intr_v1_0_S_AXI_INTR, 
case__48: sha256__parameterized0__GB1, 
case__127: multi_sha256d_axi_ip_intr_v1_0_S00_AXI__GC0, 
reg__4: sha256__GB1, 
dsp48e1: sha256__GB0, 
reg__22: sha256__parameterized0__GB1, 
logic__213: multi_sha256d_axi_ip_intr_v1_0_S_AXI_INTR, 
case__98: multi_sha256d_axi_ip_intr_v1_0_S00_AXI__GC0, 
datapath__18: sha256__parameterized0__GB1, 
counter__parameterized1: sha256__parameterized0__GB1, 
case__103: multi_sha256d_axi_ip_intr_v1_0_S00_AXI__GC0, 
case__28: sha256__GB0, 
case__92: multi_sha256d__GC0, 
reg__40: multi_sha256d_axi_ip_intr_v1_0_S00_AXI__GC0, 
case__50: sha256__parameterized0__GB1, 
logic__68: sha256__parameterized0__GB1, 
reg__62: multi_sha256d_axi_ip_intr_v1_0_S00_AXI__GC0, 
sha256__parameterized0__GB1: sha256__parameterized0__GB1, 
reg__57: multi_sha256d_axi_ip_intr_v1_0_S00_AXI__GC0, 
logic__55: sha256__parameterized0__GB1, 
sha256__GB1: sha256__GB1, 
reg__46: multi_sha256d_axi_ip_intr_v1_0_S00_AXI__GC0, 
reg__1: sha256__parameterized0__GB1, sha256__GB0, 
logic__14: sha256__GB1, 
logic__103: sha256d__GC0, 
reg__66: multi_sha256d_axi_ip_intr_v1_0_S00_AXI__GC0, 
logic__35: sha256__GB0, 
case__116: multi_sha256d_axi_ip_intr_v1_0_S00_AXI__GC0, 
case__87: multi_sha256d__GC0, 
reg__44: multi_sha256d_axi_ip_intr_v1_0_S00_AXI__GC0, 
reg__82: multi_sha256d_axi_ip_intr_v1_0_S_AXI_INTR, 
logic__47: sha256__parameterized0__GB1, 
datapath__16: sha256__parameterized0__GB1, 
reg__52: multi_sha256d_axi_ip_intr_v1_0_S00_AXI__GC0, 
reg__11: sha256__GB1, 
case__134: multi_sha256d_axi_ip_intr_v1_0_S_AXI_INTR, 
case__129: multi_sha256d_axi_ip_intr_v1_0_S00_AXI__GC0, 
case__58: sha256__parameterized0__GB1, 
sha256d__GC0: sha256d__GC0, 
case__15: sha256__GB0, 
logic__127: multi_sha256d_axi_ip_intr_v1_0_S00_AXI__GC0, 
counter__17: sha256__parameterized0__GB2, 
reg__86: multi_sha256d_axi_ip_intr_v1_0_S_AXI_INTR, 
logic__104: multi_sha256d__GC0, 
case__16: sha256__GB0, 
datapath: sha256__GB0, 
logic__239: multi_sha256d_axi_ip_intr_v1_0_S_AXI_INTR, 
counter__15: sha256__parameterized0__GB1, 
logic__221: multi_sha256d_axi_ip_intr_v1_0_S_AXI_INTR, 
logic__251: multi_sha256d_axi_ip_intr_v1_0_S_AXI_INTR, 
logic__57: sha256__parameterized0__GB1, 
logic__132: multi_sha256d_axi_ip_intr_v1_0_S00_AXI__GC0, 
reg__60: multi_sha256d_axi_ip_intr_v1_0_S00_AXI__GC0, 
logic__61: sha256__parameterized0__GB1, 
logic__238: multi_sha256d_axi_ip_intr_v1_0_S_AXI_INTR, 
logic__149: multi_sha256d_axi_ip_intr_v1_0_S00_AXI__GC0, 
counter__4: sha256__GB1, 
case__90: multi_sha256d__GC0, 
case__117: multi_sha256d_axi_ip_intr_v1_0_S00_AXI__GC0, 
logic: sha256__GB0, 
ram__1: sha256__parameterized0__GB1, 
reg__78: multi_sha256d_axi_ip_intr_v1_0_S_AXI_INTR, 
reg__7: sha256__GB1, 
logic__30: sha256__GB1, 
case__23: sha256__GB1, 
case__60: sha256__parameterized0__GB1, 
reg__88: multi_sha256d_axi_ip_intr_v1_0_S_AXI_INTR, 
case__30: sha256__GB0, 
datapath__26: multi_sha256d__GC0, 
case__101: multi_sha256d_axi_ip_intr_v1_0_S00_AXI__GC0, 
reg__69: multi_sha256d_axi_ip_intr_v1_0_S00_AXI__GC0, 
case__44: sha256__parameterized0__GB1, 
datapath__25: multi_sha256d__GC0, 
counter__1: sha256__GB0, 
case__128: multi_sha256d_axi_ip_intr_v1_0_S00_AXI__GC0, 
case__7: sha256__GB0, 
datapath__24: multi_sha256d__GC0, 
reg__45: multi_sha256d_axi_ip_intr_v1_0_S00_AXI__GC0, 
reg__17: sha256__parameterized0__GB1, 
case__11: sha256__GB0, 
logic__75: sha256__parameterized0__GB1, 
muxpart__16: multi_sha256d_axi_ip_intr_v1_0_S00_AXI__GC0, 
reg__38: multi_sha256d_axi_ip_intr_v1_0_S00_AXI__GC0, 
case__22: sha256__GB1, 
logic__71: sha256__parameterized0__GB1, 
logic__249: multi_sha256d_axi_ip_intr_v1_0_S_AXI_INTR, 
logic__81: sha256d__GC0, 
muxpart__6: sha256__parameterized0__GB0, 
case__113: multi_sha256d_axi_ip_intr_v1_0_S00_AXI__GC0, 
logic__153: multi_sha256d_axi_ip_intr_v1_0_S00_AXI__GC0, 
logic__42: sha256__parameterized0__GB1, 
ram: sha256__GB1, 
case__114: multi_sha256d_axi_ip_intr_v1_0_S00_AXI__GC0, 
datapath__13: sha256__parameterized0__GB1, 
case__124: multi_sha256d_axi_ip_intr_v1_0_S00_AXI__GC0, 
case__125: multi_sha256d_axi_ip_intr_v1_0_S00_AXI__GC0, 
reg__87: multi_sha256d_axi_ip_intr_v1_0_S_AXI_INTR, 
multi_sha256d_axi_ip_intr_v1_0_S00_AXI__GC0: multi_sha256d_axi_ip_intr_v1_0_S00_AXI__GC0, 
logic__2: sha256__parameterized0__GB1, sha256__GB0, 
datapath__4: sha256__GB0, 
counter__13: sha256__parameterized0__GB2, 
reg__92: multi_sha256d_axi_ip_intr_v1_0_S_AXI_INTR, 
case__49: sha256__parameterized0__GB1, 
case__13: sha256__GB1, 
case__33: sha256__parameterized0__GB1, 
case__62: sha256__parameterized0__GB1, 
muxpart__4: sha256__parameterized0__GB1, 
reg__47: multi_sha256d_axi_ip_intr_v1_0_S00_AXI__GC0, 
counter__9: sha256__GB1, 
muxpart__3: sha256__GB0, 
logic__220: multi_sha256d_axi_ip_intr_v1_0_S_AXI_INTR, 
case__104: multi_sha256d_axi_ip_intr_v1_0_S00_AXI__GC0, 
case__39: sha256__parameterized0__GB1, 
reg__41: multi_sha256d_axi_ip_intr_v1_0_S00_AXI__GC0, 
case__133: multi_sha256d_axi_ip_intr_v1_0_S_AXI_INTR, 
case__119: multi_sha256d_axi_ip_intr_v1_0_S00_AXI__GC0, 
counter__7: sha256__GB1, 
reg__93: multi_sha256d_axi_ip_intr_v1_0_S_AXI_INTR, 
case__126: multi_sha256d_axi_ip_intr_v1_0_S00_AXI__GC0, 
reg__10: sha256__GB1, 
reg__23: sha256__parameterized0__GB1, 
datapath__3: sha256__GB0, 
reg__48: multi_sha256d_axi_ip_intr_v1_0_S00_AXI__GC0, 
case__55: sha256__parameterized0__GB2, 
case__40: sha256__parameterized0__GB1, 
logic__211: multi_sha256d_axi_ip_intr_v1_0_S_AXI_INTR, 
case__102: multi_sha256d_axi_ip_intr_v1_0_S00_AXI__GC0, 
logic__146: multi_sha256d_axi_ip_intr_v1_0_S00_AXI__GC0, 
counter__21: multi_sha256d__GC0, 
reg__21: sha256__parameterized0__GB1, 
case__111: multi_sha256d_axi_ip_intr_v1_0_S00_AXI__GC0, 
case__52: sha256__parameterized0__GB1, 
reg__36: multi_sha256d_axi_ip_intr_v1_0_S00_AXI__GC0, 
reg__24: sha256__parameterized0__GB1, 
logic__126: multi_sha256d_axi_ip_intr_v1_0_S00_AXI__GC0, 
logic__142: multi_sha256d_axi_ip_intr_v1_0_S00_AXI__GC0, 
logic__29: sha256__GB1, 
case__10: sha256__GB0, 
reg__70: multi_sha256d_axi_ip_intr_v1_0_S00_AXI__GC0, 
reg__37: multi_sha256d_axi_ip_intr_v1_0_S00_AXI__GC0, 
counter__3: sha256__GB1, 
logic__13: sha256__GB1, 
case__91: multi_sha256d__GC0, 
reg__14: sha256__GB1, 
counter__5: sha256__GB1, 
sha256__parameterized0__GB2: sha256__parameterized0__GB2, 
case__100: multi_sha256d_axi_ip_intr_v1_0_S00_AXI__GC0, 
counter__14: sha256__parameterized0__GB1, 
case__8: sha256__GB0, 
reg__59: multi_sha256d_axi_ip_intr_v1_0_S00_AXI__GC0, 
counter__6: sha256__GB1, 
reg__89: multi_sha256d_axi_ip_intr_v1_0_S_AXI_INTR, 
counter: sha256__GB0, 
datapath__19: sha256__parameterized0__GB1, 
case__46: sha256__parameterized0__GB0, 
logic__74: sha256__parameterized0__GB1, 
reg__91: multi_sha256d_axi_ip_intr_v1_0_S_AXI_INTR, 
reg__58: multi_sha256d_axi_ip_intr_v1_0_S00_AXI__GC0, 
logic__31: sha256__GB1, 
logic__224: multi_sha256d_axi_ip_intr_v1_0_S_AXI_INTR, 
logic__216: multi_sha256d_axi_ip_intr_v1_0_S_AXI_INTR, 
reg__2: sha256__GB0, 
rom__1: sha256__parameterized0__GB1, 
logic__235: multi_sha256d_axi_ip_intr_v1_0_S_AXI_INTR, 
reg__49: multi_sha256d_axi_ip_intr_v1_0_S00_AXI__GC0, 
datapath__1: sha256__parameterized0__GB1, sha256__GB0, 
reg__64: multi_sha256d_axi_ip_intr_v1_0_S00_AXI__GC0, 
counter__parameterized0: sha256__parameterized0__GB1, sha256__GB0, 
reg__55: multi_sha256d_axi_ip_intr_v1_0_S00_AXI__GC0, 
logic__38: sha256__GB0, 
case__122: multi_sha256d_axi_ip_intr_v1_0_S00_AXI__GC0, 
reg__3: sha256__GB1, 
datapath__9: sha256__GB1, 
counter__20: multi_sha256d__GC0, 
case__3: sha256__parameterized0__GB1, sha256__GB0, 
case__17: sha256__GB0, 
logic__145: multi_sha256d_axi_ip_intr_v1_0_S00_AXI__GC0, 
datapath__20: sha256__parameterized0__GB1, 
case__1: sha256__GB0, 
case__14: sha256__GB1, 
logic__131: multi_sha256d_axi_ip_intr_v1_0_S00_AXI__GC0, 
datapath__10: sha256__GB1, 
reg__84: multi_sha256d_axi_ip_intr_v1_0_S_AXI_INTR, 
counter__18: sha256__parameterized0__GB1, 
logic__67: sha256__parameterized0__GB1, 
case__45: sha256__parameterized0__GB1, 
muxpart__1: sha256__parameterized0__GB1, sha256__GB0, 
case__81: sha256d__GC0, 
datapath__7: sha256__GB1, 
muxpart: sha256__GB0, 
logic__135: multi_sha256d_axi_ip_intr_v1_0_S00_AXI__GC0, 
reg: sha256__GB0, 
case__4: sha256__GB0, 
case__97: multi_sha256d__GC0, 
case__20: sha256__GB1, 
reg__65: multi_sha256d_axi_ip_intr_v1_0_S00_AXI__GC0, 
logic__53: sha256__parameterized0__GB1, 
case__25: sha256__GB1, 
datapath__22: sha256__parameterized0__GB1, 
case__121: multi_sha256d_axi_ip_intr_v1_0_S00_AXI__GC0, 
reg__54: multi_sha256d_axi_ip_intr_v1_0_S00_AXI__GC0, 
case__109: multi_sha256d_axi_ip_intr_v1_0_S00_AXI__GC0, 
logic__54: sha256__parameterized0__GB1, 
case__27: sha256__GB0, 
logic__21: sha256__GB1, 
logic__234: multi_sha256d_axi_ip_intr_v1_0_S_AXI_INTR, 
multi_sha256d_axi_ip_intr_v1_0_S_AXI_INTR: multi_sha256d_axi_ip_intr_v1_0_S_AXI_INTR, 
case__37: sha256__parameterized0__GB1, 
reg__51: multi_sha256d_axi_ip_intr_v1_0_S00_AXI__GC0, 
case__42: sha256__parameterized0__GB1, 
logic__150: multi_sha256d_axi_ip_intr_v1_0_S00_AXI__GC0, 
case__12: sha256__GB0, 
case__105: multi_sha256d_axi_ip_intr_v1_0_S00_AXI__GC0, 
case__96: multi_sha256d__GC0, 
reg__81: multi_sha256d_axi_ip_intr_v1_0_S_AXI_INTR, 
case__88: multi_sha256d__GC0, 
logic__15: sha256__GB0, 
case__99: multi_sha256d_axi_ip_intr_v1_0_S00_AXI__GC0, 
reg__16: sha256__parameterized0__GB1, 
reg__18: sha256__parameterized0__GB1, 
logic__250: multi_sha256d_axi_ip_intr_v1_0_S_AXI_INTR, 
case__35: sha256__parameterized0__GB1, 
sha256__parameterized0__GB0: sha256__parameterized0__GB0, 
logic__136: multi_sha256d_axi_ip_intr_v1_0_S00_AXI__GC0, 
datapath__27: multi_sha256d__GC0, 
counter__10: sha256__GB1, 
case__26: sha256__GB1, 
logic__27: sha256__GB1, 
logic__212: multi_sha256d_axi_ip_intr_v1_0_S_AXI_INTR, 
datapath__28: multi_sha256d__GC0, 
case__132: multi_sha256d_axi_ip_intr_v1_0_S_AXI_INTR, 
case__112: multi_sha256d_axi_ip_intr_v1_0_S00_AXI__GC0, 
reg__61: multi_sha256d_axi_ip_intr_v1_0_S00_AXI__GC0, 
rom: sha256__GB0, 
datapath__23: multi_sha256d__GC0, 
case__47: sha256__parameterized0__GB0, 
case: sha256__GB0, 
case__31: sha256__GB0, 
reg__95: multi_sha256d_axi_ip_intr_v1_0_S_AXI_INTR, 
logic__242: multi_sha256d_axi_ip_intr_v1_0_S_AXI_INTR, 
datapath__11: sha256__GB1, 
reg__85: multi_sha256d_axi_ip_intr_v1_0_S_AXI_INTR, 
reg__42: multi_sha256d_axi_ip_intr_v1_0_S00_AXI__GC0, 
case__53: sha256__parameterized0__GB1, 
reg__20: sha256__parameterized0__GB1, 
reg__83: multi_sha256d_axi_ip_intr_v1_0_S_AXI_INTR, 
counter__12: sha256__parameterized0__GB1, 
case__131: multi_sha256d_axi_ip_intr_v1_0_S_AXI_INTR, 
case__94: multi_sha256d__GC0, 
logic__122: multi_sha256d__GC0, 
case__56: sha256__parameterized0__GB1, 
logic__128: multi_sha256d_axi_ip_intr_v1_0_S00_AXI__GC0, 
reg__72: multi_sha256d_axi_ip_intr_v1_0_S00_AXI__GC0, 
reg__6: sha256__GB1, 
case__135: multi_sha256d_axi_ip_intr_v1_0_S_AXI_INTR, 
reg__74: multi_sha256d_axi_ip_intr_v1_0_S_AXI_INTR, 
case__63: sha256__parameterized0__GB1, 
datapath__2: sha256__GB0, 
case__54: sha256__parameterized0__GB1, 
counter__11: sha256__parameterized0__GB1, 
logic__17: sha256__GB1, 
muxpart__2: sha256__GB0, 
reg__27: sha256__parameterized0__GB1, 
logic__102: sha256d__GC0, 
case__118: multi_sha256d_axi_ip_intr_v1_0_S00_AXI__GC0, 
muxpart__5: sha256__parameterized0__GB1, 
case__32: sha256__GB0, 
reg__9: sha256__GB1, 
reg__28: sha256__parameterized0__GB1, 
multi_sha256d__GC0: multi_sha256d__GC0, 
reg__73: multi_sha256d_axi_ip_intr_v1_0_S00_AXI__GC0, 
sha256__GB0: sha256__GB0, 
case__89: multi_sha256d__GC0, 
reg__35: multi_sha256d_axi_ip_intr_v1_0_S00_AXI__GC0, 
case__29: sha256__GB0, 
logic__252: multi_sha256d_axi_ip_intr_v1_0_S_AXI_INTR, 
reg__8: sha256__GB1, 
reg__43: multi_sha256d_axi_ip_intr_v1_0_S00_AXI__GC0, 
case__123: multi_sha256d_axi_ip_intr_v1_0_S00_AXI__GC0, 
logic__245: multi_sha256d_axi_ip_intr_v1_0_S_AXI_INTR, 
case__107: multi_sha256d_axi_ip_intr_v1_0_S00_AXI__GC0, 
logic__227: multi_sha256d_axi_ip_intr_v1_0_S_AXI_INTR, 
logic__28: sha256__GB1, 
case__21: sha256__GB1, 
counter__8: sha256__GB1, 
reg__25: sha256__parameterized0__GB1, 
reg__39: multi_sha256d_axi_ip_intr_v1_0_S00_AXI__GC0, 
logic__230: multi_sha256d_axi_ip_intr_v1_0_S_AXI_INTR, 
case__61: sha256__parameterized0__GB1, 
reg__34: multi_sha256d__GC0, 
logic__248: multi_sha256d_axi_ip_intr_v1_0_S_AXI_INTR, 
case__130: multi_sha256d_axi_ip_intr_v1_0_S00_AXI__GC0, 
reg__26: sha256__parameterized0__GB2, 
case__6: sha256__GB0, 
case__2: sha256__parameterized0__GB1, sha256__GB0, 
datapath__6: sha256__GB0, 
dsp48e1__1: sha256__parameterized0__GB1, 
counter__2: sha256__parameterized0__GB1, sha256__GB0, 
reg__19: sha256__parameterized0__GB1, 
reg__13: sha256__GB1, 
logic__101: sha256d__GC0, 
reg__75: multi_sha256d_axi_ip_intr_v1_0_S_AXI_INTR, 
reg__71: multi_sha256d_axi_ip_intr_v1_0_S00_AXI__GC0, 
logic__78: sha256__parameterized0__GB1, 
datapath__8: sha256__GB1, 
reg__68: multi_sha256d_axi_ip_intr_v1_0_S00_AXI__GC0, 
reg__33: multi_sha256d__GC0, 
