case__93: case__93
counter__19: counter__19
reg__79: reg__79
reg__50: reg__50
reg__5: reg__5
datapath__14: datapath__14
case__38: case__38
case__115: case__115
case__57: case__57
case__59: case__59
logic__208: logic__208
case__95: case__95
reg__56: reg__56
logic__82: logic__82
datapath__12: datapath__12
muxpart__17: muxpart__17
case__41: case__41
datapath__15: datapath__15
case__18: case__18
datapath__17: datapath__17
case__139: case__3
reg__76: reg__76
case__51: case__51
case__136: case__136
logic__231: logic__231
case__108: case__108
logic__139: logic__139
logic__10: logic__10
reg__77: reg__77
logic__34: logic__34
datapath__5: datapath__5
counter__16: counter__16
logic__70: logic__70
logic__115: logic__115
reg__67: reg__67
reg__80: reg__80
logic__50: logic__50
reg__94: reg__94
reg__63: reg__63
case__34: case__34
case__9: case__9
reg__53: reg__53
logic__7: logic__7
reg__12: reg__12
logic__83: logic__83
case__19: case__19
case__110: case__110
logic__69: logic__69
case__24: case__24
case__120: case__120
case__106: case__106
case__43: case__43
logic__217: logic__217
counter__23: counter__2
datapath__21: datapath__21
reg__15: reg__15
reg__90: reg__90
muxpart__19: muxpart__1
case__48: case__48
case__127: case__127
reg__4: reg__4
dsp48e1: dsp48e1
reg__22: reg__22
logic__213: logic__213
case__98: case__98
datapath__18: datapath__18
counter__parameterized1: counter__parameterized1
case__103: case__103
case__28: case__28
case__92: case__92
reg__40: reg__40
case__50: case__50
reg__62: reg__62
logic__68: logic__68
reg__57: reg__57
sha256__parameterized0__GB1: sha256__parameterized0__GB1
logic__55: logic__55
sha256__GB1: sha256__GB1
reg__46: reg__46
reg__1: reg__1
logic__14: logic__14
logic__103: logic__103
reg__97: reg__1
reg__66: reg__66
logic__35: logic__35
case__116: case__116
case__87: case__87
reg__44: reg__44
reg__82: reg__82
logic__47: logic__47
reg__98: reg__1
datapath__16: datapath__16
reg__52: reg__52
reg__11: reg__11
case__134: case__134
case__129: case__129
case__58: case__58
sha256d__GC0: sha256d__GC0
case__15: case__15
logic__127: logic__127
counter__17: counter__17
reg__86: reg__86
logic__104: logic__104
case__16: case__16
datapath: datapath
logic__239: logic__239
counter__15: counter__15
logic__221: logic__221
counter__24: counter__2
logic__251: logic__251
reg__60: reg__60
logic__57: logic__57
logic__132: logic__132
logic__61: logic__61
logic__238: logic__238
logic__149: logic__149
counter__4: counter__4
case__90: case__90
case__117: case__117
logic: logic
ram__1: ram__1
reg__78: reg__78
reg__7: reg__7
logic__30: logic__30
case__23: case__23
case__60: case__60
reg__88: reg__88
reg__96: reg__1
case__30: case__30
datapath__26: datapath__26
case__101: case__101
datapath__29: datapath__1
reg__69: reg__69
case__44: case__44
datapath__25: datapath__25
counter__1: counter__1
logic__253: logic__2
case__128: case__128
case__7: case__7
datapath__24: datapath__24
reg__45: reg__45
reg__17: reg__17
counter__22: counter__2
case__11: case__11
logic__75: logic__75
muxpart__16: muxpart__16
reg__38: reg__38
case__22: case__22
logic__71: logic__71
logic__249: logic__249
logic__81: logic__81
muxpart__6: muxpart__6
case__113: case__113
logic__153: logic__153
logic__42: logic__42
ram: ram
case__114: case__114
case__124: case__124
datapath__13: datapath__13
case__125: case__125
counter__parameterized0__2: counter__parameterized0
reg__87: reg__87
multi_sha256d_axi_ip_intr_v1_0_S00_AXI__GC0: multi_sha256d_axi_ip_intr_v1_0_S00_AXI__GC0
logic__2: logic__2
datapath__4: datapath__4
counter__13: counter__13
reg__92: reg__92
case__49: case__49
case__13: case__13
case__33: case__33
case__62: case__62
muxpart__4: muxpart__4
reg__47: reg__47
counter__9: counter__9
muxpart__3: muxpart__3
logic__220: logic__220
case__104: case__104
case__39: case__39
reg__41: reg__41
case__133: case__133
case__119: case__119
counter__7: counter__7
reg__93: reg__93
case__126: case__126
reg__10: reg__10
reg__23: reg__23
datapath__3: datapath__3
reg__48: reg__48
case__55: case__55
case__40: case__40
logic__211: logic__211
case__102: case__102
logic__146: logic__146
counter__21: counter__21
case__140: case__2
reg__21: reg__21
case__111: case__111
case__52: case__52
reg__36: reg__36
reg__24: reg__24
logic__126: logic__126
logic__142: logic__142
logic__29: logic__29
case__10: case__10
reg__70: reg__70
reg__37: reg__37
counter__3: counter__3
logic__13: logic__13
case__91: case__91
reg__14: reg__14
counter__5: counter__5
sha256__parameterized0__GB2: sha256__parameterized0__GB2
case__100: case__100
counter__14: counter__14
case__8: case__8
reg__59: reg__59
counter__6: counter__6
reg__89: reg__89
counter: counter
datapath__19: datapath__19
case__141: case__3
case__46: case__46
logic__74: logic__74
reg__91: reg__91
reg__58: reg__58
logic__31: logic__31
logic__224: logic__224
logic__216: logic__216
reg__2: reg__2
rom__1: rom__1
logic__235: logic__235
reg__49: reg__49
datapath__1: datapath__1
reg__64: reg__64
counter__parameterized0: counter__parameterized0
reg__55: reg__55
case__122: case__122
logic__38: logic__38
reg__3: reg__3
datapath__9: datapath__9
counter__20: counter__20
case__3: case__3
datapath__30: datapath__1
case__17: case__17
logic__255: logic__2
logic__145: logic__145
datapath__20: datapath__20
case__1: case__1
case__14: case__14
logic__131: logic__131
datapath__10: datapath__10
reg__84: reg__84
counter__18: counter__18
logic__67: logic__67
case__45: case__45
muxpart__1: muxpart__1
case__81: case__81
datapath__7: datapath__7
muxpart: muxpart
logic__135: logic__135
reg: reg
case__4: case__4
case__97: case__97
case__20: case__20
reg__65: reg__65
logic__53: logic__53
case__25: case__25
case__121: case__121
datapath__22: datapath__22
reg__54: reg__54
case__138: case__2
case__109: case__109
logic__54: logic__54
case__27: case__27
logic__21: logic__21
logic__234: logic__234
multi_sha256d_axi_ip_intr_v1_0_S_AXI_INTR: multi_sha256d_axi_ip_intr_v1_0_S_AXI_INTR
case__37: case__37
reg__51: reg__51
case__42: case__42
logic__150: logic__150
case__12: case__12
case__105: case__105
case__96: case__96
reg__81: reg__81
case__88: case__88
logic__15: logic__15
case__99: case__99
reg__16: reg__16
reg__18: reg__18
logic__250: logic__250
case__35: case__35
sha256__parameterized0__GB0: sha256__parameterized0__GB0
logic__136: logic__136
datapath__27: datapath__27
counter__10: counter__10
case__26: case__26
logic__27: logic__27
logic__212: logic__212
datapath__28: datapath__28
case__132: case__132
reg__61: reg__61
case__112: case__112
rom: rom
datapath__23: datapath__23
case__47: case__47
case: case
muxpart__18: muxpart__1
case__31: case__31
reg__95: reg__95
logic__242: logic__242
datapath__11: datapath__11
reg__85: reg__85
case__142: case__2
reg__42: reg__42
case__53: case__53
reg__20: reg__20
reg__83: reg__83
counter__12: counter__12
case__131: case__131
case__94: case__94
logic__122: logic__122
case__56: case__56
logic__128: logic__128
reg__72: reg__72
reg__6: reg__6
case__135: case__135
reg__74: reg__74
case__63: case__63
datapath__2: datapath__2
case__54: case__54
counter__11: counter__11
logic__17: logic__17
muxpart__2: muxpart__2
reg__27: reg__27
logic__102: logic__102
case__118: case__118
muxpart__5: muxpart__5
case__32: case__32
reg__9: reg__9
reg__28: reg__28
counter__parameterized0__1: counter__parameterized0
multi_sha256d__GC0: multi_sha256d__GC0
reg__73: reg__73
counter__parameterized0__3: counter__parameterized0
logic__254: logic__2
sha256__GB0: sha256__GB0
case__89: case__89
reg__35: reg__35
case__29: case__29
logic__252: logic__252
reg__8: reg__8
reg__43: reg__43
case__123: case__123
logic__245: logic__245
case__107: case__107
logic__227: logic__227
logic__28: logic__28
case__137: case__3
case__21: case__21
counter__8: counter__8
reg__25: reg__25
reg__39: reg__39
logic__230: logic__230
case__61: case__61
reg__34: reg__34
logic__248: logic__248
case__130: case__130
reg__26: reg__26
case__6: case__6
case__2: case__2
datapath__6: datapath__6
dsp48e1__1: dsp48e1__1
datapath__31: datapath__1
muxpart__20: muxpart__1
counter__2: counter__2
reg__19: reg__19
reg__13: reg__13
logic__101: logic__101
reg__75: reg__75
reg__71: reg__71
logic__78: logic__78
datapath__8: datapath__8
reg__68: reg__68
reg__33: reg__33
